DICTPUSHCONST 32
.cell { ;; #6be5690a310c6cc1f557f54ef79dd0e3b0edee1b85515d992b4a887d8f10d62a
  .blob xa000000007
  ;; method 7
  PUSHINT 0
  PUSHINT 1
  ADD
}
DICTUGETJMPZ
THROW 78
